0 verbose cli C:\Program Files\nodejs\node.exe C:\Program Files\nodejs\node_modules\npm\bin\npm-cli.js
1 info using npm@10.9.2
2 info using node@v22.13.0
3 silly config load:file:C:\Program Files\nodejs\node_modules\npm\npmrc
4 silly config load:file:C:\Users\91907\git\repository\frontend\.npmrc
5 silly config load:file:C:\Users\91907\.npmrc
6 silly config load:file:C:\Users\91907\AppData\Roaming\npm\etc\npmrc
7 verbose title npm install axios
8 verbose argv "install" "axios" "--cache" ".npm-cache"
9 verbose logfile logs-max:10 dir:C:\Users\91907\git\repository\frontend\.npm-cache\_logs\2026-05-07T01_18_50_864Z-
10 verbose logfile C:\Users\91907\git\repository\frontend\.npm-cache\_logs\2026-05-07T01_18_50_864Z-debug-0.log
11 silly logfile done cleaning log files
12 silly packumentCache heap:4345298944 maxSize:1086324736 maxEntrySize:543162368
13 silly idealTree buildDeps
14 silly fetch manifest axios@*
15 silly packumentCache full:https://registry.npmjs.org/axios cache-miss
16 verbose shrinkwrap failed to load node_modules/.package-lock.json out of date, updated: node_modules
17 http fetch GET 200 https://registry.npmjs.org/axios 448ms (cache miss)
18 silly packumentCache full:https://registry.npmjs.org/axios set size:undefined disposed:false
19 silly placeDep ROOT axios@1.16.0 OK for: frontend@1.0.0 want: *
20 silly fetch manifest form-data@^4.0.5
21 silly packumentCache full:https://registry.npmjs.org/form-data cache-miss
22 silly fetch manifest proxy-from-env@^2.1.0
23 silly packumentCache full:https://registry.npmjs.org/proxy-from-env cache-miss
24 silly fetch manifest follow-redirects@^1.16.0
25 silly packumentCache full:https://registry.npmjs.org/follow-redirects cache-miss
26 http fetch GET 200 https://registry.npmjs.org/form-data 200ms (cache miss)
27 silly packumentCache full:https://registry.npmjs.org/form-data set size:undefined disposed:false
28 http fetch GET 200 https://registry.npmjs.org/npm 847ms
29 http fetch GET 200 https://registry.npmjs.org/proxy-from-env 432ms (cache miss)
30 silly packumentCache full:https://registry.npmjs.org/proxy-from-env set size:undefined disposed:false
31 http fetch GET 200 https://registry.npmjs.org/follow-redirects 450ms (cache miss)
32 silly packumentCache full:https://registry.npmjs.org/follow-redirects set size:undefined disposed:false
33 silly placeDep ROOT follow-redirects@1.16.0 OK for: axios@1.16.0 want: ^1.16.0
34 silly placeDep ROOT form-data@4.0.5 OK for: axios@1.16.0 want: ^4.0.5
35 silly placeDep ROOT proxy-from-env@2.1.0 OK for: axios@1.16.0 want: ^2.1.0
36 silly fetch manifest asynckit@^0.4.0
37 silly packumentCache full:https://registry.npmjs.org/asynckit cache-miss
38 silly fetch manifest combined-stream@^1.0.8
39 silly packumentCache full:https://registry.npmjs.org/combined-stream cache-miss
40 silly fetch manifest es-set-tostringtag@^2.1.0
41 silly packumentCache full:https://registry.npmjs.org/es-set-tostringtag cache-miss
42 silly fetch manifest hasown@^2.0.2
43 silly packumentCache full:https://registry.npmjs.org/hasown cache-miss
44 silly fetch manifest mime-types@^2.1.12
45 silly packumentCache full:https://registry.npmjs.org/mime-types cache-miss
46 http fetch GET 200 https://registry.npmjs.org/asynckit 122ms (cache miss)
47 silly packumentCache full:https://registry.npmjs.org/asynckit set size:undefined disposed:false
48 http fetch GET 200 https://registry.npmjs.org/combined-stream 126ms (cache miss)
49 silly packumentCache full:https://registry.npmjs.org/combined-stream set size:undefined disposed:false
50 http fetch GET 200 https://registry.npmjs.org/es-set-tostringtag 129ms (cache miss)
51 silly packumentCache full:https://registry.npmjs.org/es-set-tostringtag set size:undefined disposed:false
52 http fetch GET 200 https://registry.npmjs.org/hasown 146ms (cache miss)
53 silly packumentCache full:https://registry.npmjs.org/hasown set size:undefined disposed:false
54 http fetch GET 200 https://registry.npmjs.org/mime-types 1069ms (cache miss)
55 silly packumentCache full:https://registry.npmjs.org/mime-types set size:undefined disposed:false
56 silly placeDep ROOT asynckit@0.4.0 OK for: form-data@4.0.5 want: ^0.4.0
57 silly placeDep ROOT combined-stream@1.0.8 OK for: form-data@4.0.5 want: ^1.0.8
58 silly placeDep ROOT es-set-tostringtag@2.1.0 OK for: form-data@4.0.5 want: ^2.1.0
59 silly placeDep ROOT hasown@2.0.3 OK for: form-data@4.0.5 want: ^2.0.2
60 silly placeDep ROOT mime-types@2.1.35 OK for: form-data@4.0.5 want: ^2.1.12
61 silly fetch manifest delayed-stream@~1.0.0
62 silly packumentCache full:https://registry.npmjs.org/delayed-stream cache-miss
63 silly fetch manifest es-errors@^1.3.0
64 silly packumentCache full:https://registry.npmjs.org/es-errors cache-miss
65 silly fetch manifest get-intrinsic@^1.2.6
66 silly packumentCache full:https://registry.npmjs.org/get-intrinsic cache-miss
67 silly fetch manifest has-tostringtag@^1.0.2
68 silly packumentCache full:https://registry.npmjs.org/has-tostringtag cache-miss
69 silly fetch manifest function-bind@^1.1.2
70 silly packumentCache full:https://registry.npmjs.org/function-bind cache-miss
71 silly fetch manifest mime-db@1.52.0
72 silly packumentCache full:https://registry.npmjs.org/mime-db cache-miss
73 http fetch GET 200 https://registry.npmjs.org/delayed-stream 130ms (cache miss)
74 silly packumentCache full:https://registry.npmjs.org/delayed-stream set size:undefined disposed:false
75 http fetch GET 200 https://registry.npmjs.org/function-bind 137ms (cache miss)
76 silly packumentCache full:https://registry.npmjs.org/function-bind set size:undefined disposed:false
77 http fetch GET 200 https://registry.npmjs.org/has-tostringtag 138ms (cache miss)
78 silly packumentCache full:https://registry.npmjs.org/has-tostringtag set size:undefined disposed:false
79 http fetch GET 200 https://registry.npmjs.org/es-errors 141ms (cache miss)
80 silly packumentCache full:https://registry.npmjs.org/es-errors set size:undefined disposed:false
81 http fetch GET 200 https://registry.npmjs.org/get-intrinsic 355ms (cache miss)
82 silly packumentCache full:https://registry.npmjs.org/get-intrinsic set size:undefined disposed:false
83 http fetch GET 200 https://registry.npmjs.org/mime-db 360ms (cache miss)
84 silly packumentCache full:https://registry.npmjs.org/mime-db set size:undefined disposed:false
85 silly placeDep ROOT delayed-stream@1.0.0 OK for: combined-stream@1.0.8 want: ~1.0.0
86 silly placeDep ROOT es-errors@1.3.0 OK for: es-set-tostringtag@2.1.0 want: ^1.3.0
87 silly placeDep ROOT get-intrinsic@1.3.0 OK for: es-set-tostringtag@2.1.0 want: ^1.2.6
88 silly placeDep ROOT has-tostringtag@1.0.2 OK for: es-set-tostringtag@2.1.0 want: ^1.0.2
89 silly fetch manifest gopd@^1.2.0
90 silly packumentCache full:https://registry.npmjs.org/gopd cache-miss
91 silly fetch manifest get-proto@^1.0.1
92 silly packumentCache full:https://registry.npmjs.org/get-proto cache-miss
93 silly fetch manifest has-symbols@^1.1.0
94 silly packumentCache full:https://registry.npmjs.org/has-symbols cache-miss
95 silly fetch manifest es-object-atoms@^1.1.1
96 silly packumentCache full:https://registry.npmjs.org/es-object-atoms cache-miss
97 silly fetch manifest math-intrinsics@^1.1.0
98 silly packumentCache full:https://registry.npmjs.org/math-intrinsics cache-miss
99 silly fetch manifest es-define-property@^1.0.1
100 silly packumentCache full:https://registry.npmjs.org/es-define-property cache-miss
101 silly fetch manifest call-bind-apply-helpers@^1.0.2
102 silly packumentCache full:https://registry.npmjs.org/call-bind-apply-helpers cache-miss
103 http fetch GET 200 https://registry.npmjs.org/es-object-atoms 150ms (cache miss)
104 silly packumentCache full:https://registry.npmjs.org/es-object-atoms set size:undefined disposed:false
105 silly fetch manifest has-symbols@^1.0.3
106 silly packumentCache full:https://registry.npmjs.org/has-symbols cache-miss
107 http fetch GET 200 https://registry.npmjs.org/has-symbols 157ms (cache miss)
108 silly packumentCache full:https://registry.npmjs.org/has-symbols set size:undefined disposed:false
109 http fetch GET 200 https://registry.npmjs.org/get-proto 159ms (cache miss)
110 silly packumentCache full:https://registry.npmjs.org/get-proto set size:undefined disposed:false
111 http fetch GET 200 https://registry.npmjs.org/gopd 160ms (cache miss)
112 silly packumentCache full:https://registry.npmjs.org/gopd set size:undefined disposed:false
113 http fetch GET 200 https://registry.npmjs.org/es-define-property 159ms (cache miss)
114 silly packumentCache full:https://registry.npmjs.org/es-define-property set size:undefined disposed:false
115 http fetch GET 200 https://registry.npmjs.org/math-intrinsics 161ms (cache miss)
116 silly packumentCache full:https://registry.npmjs.org/math-intrinsics set size:undefined disposed:false
117 http fetch GET 200 https://registry.npmjs.org/has-symbols 94ms (cache miss)
118 silly packumentCache full:https://registry.npmjs.org/has-symbols set size:undefined disposed:false
119 http fetch GET 200 https://registry.npmjs.org/call-bind-apply-helpers 320ms (cache miss)
120 silly packumentCache full:https://registry.npmjs.org/call-bind-apply-helpers set size:undefined disposed:false
121 silly placeDep ROOT call-bind-apply-helpers@1.0.2 OK for: get-intrinsic@1.3.0 want: ^1.0.2
122 silly placeDep ROOT es-define-property@1.0.1 OK for: get-intrinsic@1.3.0 want: ^1.0.1
123 silly placeDep ROOT es-object-atoms@1.1.1 OK for: get-intrinsic@1.3.0 want: ^1.1.1
124 silly placeDep ROOT function-bind@1.1.2 OK for: get-intrinsic@1.3.0 want: ^1.1.2
125 silly placeDep ROOT get-proto@1.0.1 OK for: get-intrinsic@1.3.0 want: ^1.0.1
126 silly placeDep ROOT gopd@1.2.0 OK for: get-intrinsic@1.3.0 want: ^1.2.0
127 silly placeDep ROOT has-symbols@1.1.0 OK for: get-intrinsic@1.3.0 want: ^1.1.0
128 silly placeDep ROOT math-intrinsics@1.1.0 OK for: get-intrinsic@1.3.0 want: ^1.1.0
129 silly fetch manifest dunder-proto@^1.0.1
130 silly packumentCache full:https://registry.npmjs.org/dunder-proto cache-miss
131 http fetch GET 200 https://registry.npmjs.org/dunder-proto 82ms (cache miss)
132 silly packumentCache full:https://registry.npmjs.org/dunder-proto set size:undefined disposed:false
133 silly placeDep ROOT dunder-proto@1.0.1 OK for: get-proto@1.0.1 want: ^1.0.1
134 silly placeDep ROOT mime-db@1.52.0 OK for: mime-types@2.1.35 want: 1.52.0
135 silly reify moves {}
136 silly audit bulk request {
136 silly audit   '@emnapi/core': [ '1.10.0' ],
136 silly audit   '@emnapi/runtime': [ '1.10.0' ],
136 silly audit   '@emnapi/wasi-threads': [ '1.2.1' ],
136 silly audit   '@napi-rs/wasm-runtime': [ '1.1.4' ],
136 silly audit   '@oxc-project/types': [ '0.127.0' ],
136 silly audit   '@rolldown/binding-android-arm64': [ '1.0.0-rc.17' ],
136 silly audit   '@rolldown/binding-darwin-arm64': [ '1.0.0-rc.17' ],
136 silly audit   '@rolldown/binding-darwin-x64': [ '1.0.0-rc.17' ],
136 silly audit   '@rolldown/binding-freebsd-x64': [ '1.0.0-rc.17' ],
136 silly audit   '@rolldown/binding-linux-arm-gnueabihf': [ '1.0.0-rc.17' ],
136 silly audit   '@rolldown/binding-linux-arm64-gnu': [ '1.0.0-rc.17' ],
136 silly audit   '@rolldown/binding-linux-arm64-musl': [ '1.0.0-rc.17' ],
136 silly audit   '@rolldown/binding-linux-ppc64-gnu': [ '1.0.0-rc.17' ],
136 silly audit   '@rolldown/binding-linux-s390x-gnu': [ '1.0.0-rc.17' ],
136 silly audit   '@rolldown/binding-linux-x64-gnu': [ '1.0.0-rc.17' ],
136 silly audit   '@rolldown/binding-linux-x64-musl': [ '1.0.0-rc.17' ],
136 silly audit   '@rolldown/binding-openharmony-arm64': [ '1.0.0-rc.17' ],
136 silly audit   '@rolldown/binding-wasm32-wasi': [ '1.0.0-rc.17' ],
136 silly audit   '@rolldown/binding-win32-arm64-msvc': [ '1.0.0-rc.17' ],
136 silly audit   '@rolldown/binding-win32-x64-msvc': [ '1.0.0-rc.17' ],
136 silly audit   '@rolldown/pluginutils': [ '1.0.0-rc.7', '1.0.0-rc.17' ],
136 silly audit   '@tybys/wasm-util': [ '0.10.2' ],
136 silly audit   '@vitejs/plugin-react': [ '6.0.1' ],
136 silly audit   'detect-libc': [ '2.1.2' ],
136 silly audit   fdir: [ '6.5.0' ],
136 silly audit   fsevents: [ '2.3.3' ],
136 silly audit   lightningcss: [ '1.32.0' ],
136 silly audit   'lightningcss-win32-x64-msvc': [ '1.32.0' ],
136 silly audit   nanoid: [ '3.3.11' ],
136 silly audit   picocolors: [ '1.1.1' ],
136 silly audit   picomatch: [ '4.0.4' ],
136 silly audit   postcss: [ '8.5.10' ],
136 silly audit   react: [ '19.2.5' ],
136 silly audit   'react-dom': [ '19.2.5' ],
136 silly audit   rolldown: [ '1.0.0-rc.17' ],
136 silly audit   scheduler: [ '0.27.0' ],
136 silly audit   'source-map-js': [ '1.2.1' ],
136 silly audit   tinyglobby: [ '0.2.16' ],
136 silly audit   tslib: [ '2.8.1' ],
136 silly audit   vite: [ '8.0.10' ],
136 silly audit   axios: [ '1.16.0' ],
136 silly audit   'follow-redirects': [ '1.16.0' ],
136 silly audit   'form-data': [ '4.0.5' ],
136 silly audit   'proxy-from-env': [ '2.1.0' ],
136 silly audit   asynckit: [ '0.4.0' ],
136 silly audit   'combined-stream': [ '1.0.8' ],
136 silly audit   'es-set-tostringtag': [ '2.1.0' ],
136 silly audit   hasown: [ '2.0.3' ],
136 silly audit   'mime-types': [ '2.1.35' ],
136 silly audit   'delayed-stream': [ '1.0.0' ],
136 silly audit   'es-errors': [ '1.3.0' ],
136 silly audit   'get-intrinsic': [ '1.3.0' ],
136 silly audit   'has-tostringtag': [ '1.0.2' ],
136 silly audit   'call-bind-apply-helpers': [ '1.0.2' ],
136 silly audit   'es-define-property': [ '1.0.1' ],
136 silly audit   'es-object-atoms': [ '1.1.1' ],
136 silly audit   'function-bind': [ '1.1.2' ],
136 silly audit   'get-proto': [ '1.0.1' ],
136 silly audit   gopd: [ '1.2.0' ],
136 silly audit   'has-symbols': [ '1.1.0' ],
136 silly audit   'math-intrinsics': [ '1.1.0' ],
136 silly audit   'dunder-proto': [ '1.0.1' ],
136 silly audit   'mime-db': [ '1.52.0' ]
136 silly audit }
137 verbose reify failed optional dependency C:\Users\91907\git\repository\frontend\node_modules\fsevents
138 silly reify mark deleted [
138 silly reify   'C:\\Users\\91907\\git\\repository\\frontend\\node_modules\\fsevents'
138 silly reify ]
139 verbose reify failed optional dependency C:\Users\91907\git\repository\frontend\node_modules\@rolldown\binding-win32-arm64-msvc
140 silly reify mark deleted [
140 silly reify   'C:\\Users\\91907\\git\\repository\\frontend\\node_modules\\@rolldown\\binding-win32-arm64-msvc'
140 silly reify ]
141 verbose reify failed optional dependency C:\Users\91907\git\repository\frontend\node_modules\@rolldown\binding-wasm32-wasi
142 silly reify mark deleted [
142 silly reify   'C:\\Users\\91907\\git\\repository\\frontend\\node_modules\\@rolldown\\binding-wasm32-wasi'
142 silly reify ]
143 verbose reify failed optional dependency C:\Users\91907\git\repository\frontend\node_modules\@emnapi\core
144 silly reify mark deleted [
144 silly reify   'C:\\Users\\91907\\git\\repository\\frontend\\node_modules\\@emnapi\\core'
144 silly reify ]
145 verbose reify failed optional dependency C:\Users\91907\git\repository\frontend\node_modules\@emnapi\runtime
146 silly reify mark deleted [
146 silly reify   'C:\\Users\\91907\\git\\repository\\frontend\\node_modules\\@emnapi\\runtime'
146 silly reify ]
147 verbose reify failed optional dependency C:\Users\91907\git\repository\frontend\node_modules\@napi-rs\wasm-runtime
148 silly reify mark deleted [
148 silly reify   'C:\\Users\\91907\\git\\repository\\frontend\\node_modules\\@napi-rs\\wasm-runtime'
148 silly reify ]
149 verbose reify failed optional dependency C:\Users\91907\git\repository\frontend\node_modules\@emnapi\wasi-threads
150 silly reify mark deleted [
150 silly reify   'C:\\Users\\91907\\git\\repository\\frontend\\node_modules\\@emnapi\\wasi-threads'
150 silly reify ]
151 verbose reify failed optional dependency C:\Users\91907\git\repository\frontend\node_modules\tslib
152 silly reify mark deleted [ 'C:\\Users\\91907\\git\\repository\\frontend\\node_modules\\tslib' ]
153 verbose reify failed optional dependency C:\Users\91907\git\repository\frontend\node_modules\@tybys\wasm-util
154 silly reify mark deleted [
154 silly reify   'C:\\Users\\91907\\git\\repository\\frontend\\node_modules\\@tybys\\wasm-util'
154 silly reify ]
155 verbose reify failed optional dependency C:\Users\91907\git\repository\frontend\node_modules\@rolldown\binding-openharmony-arm64
156 silly reify mark deleted [
156 silly reify   'C:\\Users\\91907\\git\\repository\\frontend\\node_modules\\@rolldown\\binding-openharmony-arm64'
156 silly reify ]
157 verbose reify failed optional dependency C:\Users\91907\git\repository\frontend\node_modules\@rolldown\binding-linux-x64-musl
158 silly reify mark deleted [
158 silly reify   'C:\\Users\\91907\\git\\repository\\frontend\\node_modules\\@rolldown\\binding-linux-x64-musl'
158 silly reify ]
159 verbose reify failed optional dependency C:\Users\91907\git\repository\frontend\node_modules\@rolldown\binding-linux-x64-gnu
160 silly reify mark deleted [
160 silly reify   'C:\\Users\\91907\\git\\repository\\frontend\\node_modules\\@rolldown\\binding-linux-x64-gnu'
160 silly reify ]
161 verbose reify failed optional dependency C:\Users\91907\git\repository\frontend\node_modules\@rolldown\binding-linux-s390x-gnu
162 silly reify mark deleted [
162 silly reify   'C:\\Users\\91907\\git\\repository\\frontend\\node_modules\\@rolldown\\binding-linux-s390x-gnu'
162 silly reify ]
163 verbose reify failed optional dependency C:\Users\91907\git\repository\frontend\node_modules\@rolldown\binding-linux-ppc64-gnu
164 silly reify mark deleted [
164 silly reify   'C:\\Users\\91907\\git\\repository\\frontend\\node_modules\\@rolldown\\binding-linux-ppc64-gnu'
164 silly reify ]
165 verbose reify failed optional dependency C:\Users\91907\git\repository\frontend\node_modules\@rolldown\binding-linux-arm64-musl
166 silly reify mark deleted [
166 silly reify   'C:\\Users\\91907\\git\\repository\\frontend\\node_modules\\@rolldown\\binding-linux-arm64-musl'
166 silly reify ]
167 verbose reify failed optional dependency C:\Users\91907\git\repository\frontend\node_modules\@rolldown\binding-linux-arm64-gnu
168 silly reify mark deleted [
168 silly reify   'C:\\Users\\91907\\git\\repository\\frontend\\node_modules\\@rolldown\\binding-linux-arm64-gnu'
168 silly reify ]
169 verbose reify failed optional dependency C:\Users\91907\git\repository\frontend\node_modules\@rolldown\binding-linux-arm-gnueabihf
170 silly reify mark deleted [
170 silly reify   'C:\\Users\\91907\\git\\repository\\frontend\\node_modules\\@rolldown\\binding-linux-arm-gnueabihf'
170 silly reify ]
171 verbose reify failed optional dependency C:\Users\91907\git\repository\frontend\node_modules\@rolldown\binding-freebsd-x64
172 silly reify mark deleted [
172 silly reify   'C:\\Users\\91907\\git\\repository\\frontend\\node_modules\\@rolldown\\binding-freebsd-x64'
172 silly reify ]
173 verbose reify failed optional dependency C:\Users\91907\git\repository\frontend\node_modules\@rolldown\binding-darwin-x64
174 silly reify mark deleted [
174 silly reify   'C:\\Users\\91907\\git\\repository\\frontend\\node_modules\\@rolldown\\binding-darwin-x64'
174 silly reify ]
175 verbose reify failed optional dependency C:\Users\91907\git\repository\frontend\node_modules\@rolldown\binding-darwin-arm64
176 silly reify mark deleted [
176 silly reify   'C:\\Users\\91907\\git\\repository\\frontend\\node_modules\\@rolldown\\binding-darwin-arm64'
176 silly reify ]
177 verbose reify failed optional dependency C:\Users\91907\git\repository\frontend\node_modules\@rolldown\binding-android-arm64
178 silly reify mark deleted [
178 silly reify   'C:\\Users\\91907\\git\\repository\\frontend\\node_modules\\@rolldown\\binding-android-arm64'
178 silly reify ]
179 http cache dunder-proto@https://registry.npmjs.org/dunder-proto/-/dunder-proto-1.0.1.tgz 0ms (cache hit)
180 http cache math-intrinsics@https://registry.npmjs.org/math-intrinsics/-/math-intrinsics-1.1.0.tgz 0ms (cache hit)
181 http cache mime-db@https://registry.npmjs.org/mime-db/-/mime-db-1.52.0.tgz 0ms (cache hit)
182 http cache has-symbols@https://registry.npmjs.org/has-symbols/-/has-symbols-1.1.0.tgz 0ms (cache hit)
183 http cache get-proto@https://registry.npmjs.org/get-proto/-/get-proto-1.0.1.tgz 0ms (cache hit)
184 http cache gopd@https://registry.npmjs.org/gopd/-/gopd-1.2.0.tgz 0ms (cache hit)
185 http cache es-object-atoms@https://registry.npmjs.org/es-object-atoms/-/es-object-atoms-1.1.1.tgz 0ms (cache hit)
186 http cache es-define-property@https://registry.npmjs.org/es-define-property/-/es-define-property-1.0.1.tgz 0ms (cache hit)
187 http cache call-bind-apply-helpers@https://registry.npmjs.org/call-bind-apply-helpers/-/call-bind-apply-helpers-1.0.2.tgz 1ms (cache hit)
188 http cache has-tostringtag@https://registry.npmjs.org/has-tostringtag/-/has-tostringtag-1.0.2.tgz 0ms (cache hit)
189 http cache es-errors@https://registry.npmjs.org/es-errors/-/es-errors-1.3.0.tgz 0ms (cache hit)
190 http cache get-intrinsic@https://registry.npmjs.org/get-intrinsic/-/get-intrinsic-1.3.0.tgz 0ms (cache hit)
191 http cache delayed-stream@https://registry.npmjs.org/delayed-stream/-/delayed-stream-1.0.0.tgz 0ms (cache hit)
192 http cache mime-types@https://registry.npmjs.org/mime-types/-/mime-types-2.1.35.tgz 0ms (cache hit)
193 http cache es-set-tostringtag@https://registry.npmjs.org/es-set-tostringtag/-/es-set-tostringtag-2.1.0.tgz 0ms (cache hit)
194 http cache combined-stream@https://registry.npmjs.org/combined-stream/-/combined-stream-1.0.8.tgz 0ms (cache hit)
195 http cache hasown@https://registry.npmjs.org/hasown/-/hasown-2.0.3.tgz 0ms (cache hit)
196 http cache asynckit@https://registry.npmjs.org/asynckit/-/asynckit-0.4.0.tgz 0ms (cache hit)
197 http cache function-bind@https://registry.npmjs.org/function-bind/-/function-bind-1.1.2.tgz 0ms (cache hit)
198 http cache proxy-from-env@https://registry.npmjs.org/proxy-from-env/-/proxy-from-env-2.1.0.tgz 0ms (cache hit)
199 http cache form-data@https://registry.npmjs.org/form-data/-/form-data-4.0.5.tgz 0ms (cache hit)
200 http cache follow-redirects@https://registry.npmjs.org/follow-redirects/-/follow-redirects-1.16.0.tgz 0ms (cache hit)
201 http cache axios@https://registry.npmjs.org/axios/-/axios-1.16.0.tgz 0ms (cache hit)
202 http cache tslib@https://registry.npmjs.org/tslib/-/tslib-2.8.1.tgz 0ms (cache hit)
203 http cache @tybys/wasm-util@https://registry.npmjs.org/@tybys/wasm-util/-/wasm-util-0.10.2.tgz 0ms (cache hit)
204 http cache @napi-rs/wasm-runtime@https://registry.npmjs.org/@napi-rs/wasm-runtime/-/wasm-runtime-1.1.4.tgz 0ms (cache hit)
205 silly tarball no local data for dunder-proto@https://registry.npmjs.org/dunder-proto/-/dunder-proto-1.0.1.tgz. Extracting by manifest.
206 silly tarball no local data for math-intrinsics@https://registry.npmjs.org/math-intrinsics/-/math-intrinsics-1.1.0.tgz. Extracting by manifest.
207 silly tarball no local data for mime-db@https://registry.npmjs.org/mime-db/-/mime-db-1.52.0.tgz. Extracting by manifest.
208 silly tarball no local data for has-symbols@https://registry.npmjs.org/has-symbols/-/has-symbols-1.1.0.tgz. Extracting by manifest.
209 silly tarball no local data for get-proto@https://registry.npmjs.org/get-proto/-/get-proto-1.0.1.tgz. Extracting by manifest.
210 http cache @emnapi/wasi-threads@https://registry.npmjs.org/@emnapi/wasi-threads/-/wasi-threads-1.2.1.tgz 0ms (cache hit)
211 silly tarball no local data for gopd@https://registry.npmjs.org/gopd/-/gopd-1.2.0.tgz. Extracting by manifest.
212 silly tarball no local data for es-object-atoms@https://registry.npmjs.org/es-object-atoms/-/es-object-atoms-1.1.1.tgz. Extracting by manifest.
213 http cache @emnapi/core@https://registry.npmjs.org/@emnapi/core/-/core-1.10.0.tgz 0ms (cache hit)
214 silly tarball no local data for es-define-property@https://registry.npmjs.org/es-define-property/-/es-define-property-1.0.1.tgz. Extracting by manifest.
215 silly tarball no local data for call-bind-apply-helpers@https://registry.npmjs.org/call-bind-apply-helpers/-/call-bind-apply-helpers-1.0.2.tgz. Extracting by manifest.
216 silly tarball no local data for has-tostringtag@https://registry.npmjs.org/has-tostringtag/-/has-tostringtag-1.0.2.tgz. Extracting by manifest.
217 silly tarball no local data for es-errors@https://registry.npmjs.org/es-errors/-/es-errors-1.3.0.tgz. Extracting by manifest.
218 silly tarball no local data for get-intrinsic@https://registry.npmjs.org/get-intrinsic/-/get-intrinsic-1.3.0.tgz. Extracting by manifest.
219 silly tarball no local data for delayed-stream@https://registry.npmjs.org/delayed-stream/-/delayed-stream-1.0.0.tgz. Extracting by manifest.
220 silly tarball no local data for mime-types@https://registry.npmjs.org/mime-types/-/mime-types-2.1.35.tgz. Extracting by manifest.
221 silly tarball no local data for es-set-tostringtag@https://registry.npmjs.org/es-set-tostringtag/-/es-set-tostringtag-2.1.0.tgz. Extracting by manifest.
222 silly tarball no local data for combined-stream@https://registry.npmjs.org/combined-stream/-/combined-stream-1.0.8.tgz. Extracting by manifest.
223 silly tarball no local data for hasown@https://registry.npmjs.org/hasown/-/hasown-2.0.3.tgz. Extracting by manifest.
224 silly tarball no local data for asynckit@https://registry.npmjs.org/asynckit/-/asynckit-0.4.0.tgz. Extracting by manifest.
225 silly tarball no local data for function-bind@https://registry.npmjs.org/function-bind/-/function-bind-1.1.2.tgz. Extracting by manifest.
226 silly tarball no local data for proxy-from-env@https://registry.npmjs.org/proxy-from-env/-/proxy-from-env-2.1.0.tgz. Extracting by manifest.
227 silly tarball no local data for form-data@https://registry.npmjs.org/form-data/-/form-data-4.0.5.tgz. Extracting by manifest.
228 http cache @emnapi/runtime@https://registry.npmjs.org/@emnapi/runtime/-/runtime-1.10.0.tgz 0ms (cache hit)
229 silly tarball no local data for follow-redirects@https://registry.npmjs.org/follow-redirects/-/follow-redirects-1.16.0.tgz. Extracting by manifest.
230 silly tarball no local data for axios@https://registry.npmjs.org/axios/-/axios-1.16.0.tgz. Extracting by manifest.
231 silly tarball no local data for tslib@https://registry.npmjs.org/tslib/-/tslib-2.8.1.tgz. Extracting by manifest.
232 silly tarball no local data for @tybys/wasm-util@https://registry.npmjs.org/@tybys/wasm-util/-/wasm-util-0.10.2.tgz. Extracting by manifest.
233 silly tarball no local data for @napi-rs/wasm-runtime@https://registry.npmjs.org/@napi-rs/wasm-runtime/-/wasm-runtime-1.1.4.tgz. Extracting by manifest.
234 silly tarball no local data for @emnapi/wasi-threads@https://registry.npmjs.org/@emnapi/wasi-threads/-/wasi-threads-1.2.1.tgz. Extracting by manifest.
235 silly tarball no local data for @emnapi/core@https://registry.npmjs.org/@emnapi/core/-/core-1.10.0.tgz. Extracting by manifest.
236 silly tarball no local data for @emnapi/runtime@https://registry.npmjs.org/@emnapi/runtime/-/runtime-1.10.0.tgz. Extracting by manifest.
237 http fetch GET 200 https://registry.npmjs.org/es-set-tostringtag/-/es-set-tostringtag-2.1.0.tgz 311ms (cache miss)
238 http fetch GET 200 https://registry.npmjs.org/combined-stream/-/combined-stream-1.0.8.tgz 316ms (cache miss)
239 http fetch GET 200 https://registry.npmjs.org/proxy-from-env/-/proxy-from-env-2.1.0.tgz 316ms (cache miss)
240 http fetch GET 200 https://registry.npmjs.org/mime-db/-/mime-db-1.52.0.tgz 368ms (cache miss)
241 http fetch GET 200 https://registry.npmjs.org/gopd/-/gopd-1.2.0.tgz 379ms (cache miss)
242 http fetch GET 200 https://registry.npmjs.org/hasown/-/hasown-2.0.3.tgz 392ms (cache miss)
243 http fetch GET 200 https://registry.npmjs.org/dunder-proto/-/dunder-proto-1.0.1.tgz 407ms (cache miss)
244 http fetch GET 200 https://registry.npmjs.org/get-proto/-/get-proto-1.0.1.tgz 409ms (cache miss)
245 http fetch GET 200 https://registry.npmjs.org/follow-redirects/-/follow-redirects-1.16.0.tgz 420ms (cache miss)
246 http fetch POST 200 https://registry.npmjs.org/-/npm/v1/security/advisories/bulk 463ms
247 silly audit report {}
248 http fetch GET 200 https://registry.npmjs.org/function-bind/-/function-bind-1.1.2.tgz 451ms (cache miss)
249 http fetch GET 200 https://registry.npmjs.org/has-symbols/-/has-symbols-1.1.0.tgz 473ms (cache miss)
250 http fetch GET 200 https://registry.npmjs.org/delayed-stream/-/delayed-stream-1.0.0.tgz 517ms (cache miss)
251 http fetch GET 200 https://registry.npmjs.org/form-data/-/form-data-4.0.5.tgz 549ms (cache miss)
252 http fetch GET 200 https://registry.npmjs.org/es-define-property/-/es-define-property-1.0.1.tgz 565ms (cache miss)
253 http fetch GET 200 https://registry.npmjs.org/mime-types/-/mime-types-2.1.35.tgz 565ms (cache miss)
254 http fetch GET 200 https://registry.npmjs.org/get-intrinsic/-/get-intrinsic-1.3.0.tgz 586ms (cache miss)
255 http fetch GET 200 https://registry.npmjs.org/asynckit/-/asynckit-0.4.0.tgz 595ms (cache miss)
256 http fetch GET 200 https://registry.npmjs.org/tslib/-/tslib-2.8.1.tgz 595ms (cache miss)
257 http fetch GET 200 https://registry.npmjs.org/es-object-atoms/-/es-object-atoms-1.1.1.tgz 646ms (cache miss)
258 http fetch GET 200 https://registry.npmjs.org/has-tostringtag/-/has-tostringtag-1.0.2.tgz 666ms (cache miss)
259 http fetch GET 200 https://registry.npmjs.org/call-bind-apply-helpers/-/call-bind-apply-helpers-1.0.2.tgz 686ms (cache miss)
260 http fetch GET 200 https://registry.npmjs.org/es-errors/-/es-errors-1.3.0.tgz 685ms (cache miss)
261 http fetch GET 200 https://registry.npmjs.org/math-intrinsics/-/math-intrinsics-1.1.0.tgz 690ms (cache miss)
262 http fetch GET 200 https://registry.npmjs.org/@emnapi/wasi-threads/-/wasi-threads-1.2.1.tgz 683ms (cache miss)
263 http fetch GET 200 https://registry.npmjs.org/@tybys/wasm-util/-/wasm-util-0.10.2.tgz 962ms (cache miss)
264 http fetch GET 200 https://registry.npmjs.org/@emnapi/runtime/-/runtime-1.10.0.tgz 1048ms (cache miss)
265 http fetch GET 200 https://registry.npmjs.org/@emnapi/core/-/core-1.10.0.tgz 1315ms (cache miss)
266 http fetch GET 200 https://registry.npmjs.org/axios/-/axios-1.16.0.tgz 1685ms (cache miss)
267 http fetch GET 200 https://registry.npmjs.org/@napi-rs/wasm-runtime/-/wasm-runtime-1.1.4.tgz 1892ms (cache miss)
268 silly ADD node_modules/mime-db
269 silly ADD node_modules/dunder-proto
270 silly ADD node_modules/math-intrinsics
271 silly ADD node_modules/has-symbols
272 silly ADD node_modules/gopd
273 silly ADD node_modules/get-proto
274 silly ADD node_modules/function-bind
275 silly ADD node_modules/es-object-atoms
276 silly ADD node_modules/es-define-property
277 silly ADD node_modules/call-bind-apply-helpers
278 silly ADD node_modules/has-tostringtag
279 silly ADD node_modules/get-intrinsic
280 silly ADD node_modules/es-errors
281 silly ADD node_modules/delayed-stream
282 silly ADD node_modules/mime-types
283 silly ADD node_modules/hasown
284 silly ADD node_modules/es-set-tostringtag
285 silly ADD node_modules/combined-stream
286 silly ADD node_modules/asynckit
287 silly ADD node_modules/proxy-from-env
288 silly ADD node_modules/form-data
289 silly ADD node_modules/follow-redirects
290 silly ADD node_modules/axios
291 silly ADD
292 silly ADD
293 silly ADD
294 silly ADD
295 silly ADD
296 silly ADD
297 silly ADD
298 silly ADD
299 silly ADD
300 silly ADD
301 silly ADD
302 silly ADD
303 silly ADD
304 silly ADD
305 silly ADD
306 silly ADD
307 silly ADD
308 silly ADD
309 silly ADD
310 silly ADD
311 silly ADD
312 verbose cwd C:\Users\91907\git\repository\frontend
313 verbose os Windows_NT 10.0.22631
314 verbose node v22.13.0
315 verbose npm  v10.9.2
316 notice
316 notice New major version of npm available! 10.9.2 -> 11.14.0
316 notice Changelog: https://github.com/npm/cli/releases/tag/v11.14.0
316 notice To update run: npm install -g npm@11.14.0
316 notice  { force: true, [Symbol(proc-log.meta)]: true }
317 verbose exit 0
318 info ok
